<?xml version="1.0" encoding="UTF-8" standalone="yes"?>
<summaryCfgVO id="__QhvkbfRMDTAGOSrKfCo">
  <name>经营进度填报待办摘要</name>
  <parentId>__mHNWCzOldzpjIWij5Ce</parentId>
  <title>经营进度填报待办摘要</title>
  <type>01</type>
  <formId>__mHNWCzOldzpjIWij5Ce</formId>
  <fieldNames></fieldNames>
  <summaryScript><![CDATA[(function () {
  var statelabel = getStateLabel();
  if(isNotNull(statelabel)){
    var doc = getCurrentDocument()
    var year = getItemValueAsString('年份')
    var season = getItemValueAsString('季度')
    var prevAuditUser = doc.getPrevAuditUser()
    var auditDate = format(doc.getAuditdate(),"yyyy-MM-dd HH:mm")
    var usersName = ''
    prevAuditUser = JSON.parse(prevAuditUser)
    prevAuditUser.forEach(function(item) {
      usersName += item.prevAuditUser
      var html = "<div><span style='color: #4e74f2'>【经营计划进度跟踪 " + year +"年"+ season + "】</span> \
                  <span style='font-size: 12px'><span style='color: #16b998;'>["+usersName+"]</span> \
                  提交 <span style='color: #aaa;'>" + auditDate + "</span><span></span>"
      return html
    })
  }
})()]]></summaryScript>
  <scope>0</scope>
  <isShowTags>0</isShowTags>
</summaryCfgVO>