<?xml version="1.0" encoding="UTF-8" standalone="yes"?>
<summaryCfgVO id="__msrOXNpypHXCsX03U2k">
  <name>待办摘要</name>
  <parentId>__Lw68OhvJUhfXLcXwIys</parentId>
  <title>待办摘要</title>
  <type>01</type>
  <formId>__Lw68OhvJUhfXLcXwIys</formId>
  <fieldNames>$AuditorNames;公司名称;$AuditDate</fieldNames>
  <summaryScript><![CDATA[(function () {
  var statelabel = getStateLabel();
  var doc = getCurrentDocument();
  var year = getItemValueAsString('年份');
  var usersName = "";
  if(isNotNull(statelabel)){
   var prevAuditUser = doc.getPrevAuditUser();
    var auditDate = format(doc.getAuditdate(),"yyyy-MM-dd HH:mm");
    prevAuditUser = JSON.parse(prevAuditUser)
    prevAuditUser.forEach(function(item) {
      usersName += item.prevAuditUser
      var html = "<div><span style='color: #4e74f2'>【经营计划填报 " + year + "年】</span> \
                <span style='font-size: 12px'><span style='color: #16b998;'>["+usersName+"]</span> \
              提交 <span style='color: #aaa;'>" + auditDate + "</span><span></span>"
      return html
    })
  }
})()]]></summaryScript>
  <scope>0</scope>
  <isShowTags>0</isShowTags>
</summaryCfgVO>